-2.429137 2.552929
-2.503469 2.463779
-2.429547 2.465544
-2.397668 2.357936
