-2.397667999999999910e+00 2.357936000000000032e+00
